// Jest Snapshot v1, https://goo.gl/fbAQLP

exports[`Pruebas en hook app debe de retornar el componente 1`] = `
<Fragment>
  <MainApp />
</Fragment>
`;
