// Jest Snapshot v1, https://goo.gl/fbAQLP

exports[`Pruebas en component AddCategory should show component correctamente 1`] = `
<form
  onSubmit={[Function]}
>
  <input
    name="value"
    onChange={[Function]}
    type="text"
    value=""
  />
</form>
`;
